Archive member included because of file (symbol)

c:/winavr-20100110/bin/../lib/gcc/avr/4.3.3/avr5\libgcc.a(_mulsi3.o)
                              ./HAL_Layer/LM35/LM35_prog.o (__mulsi3)
c:/winavr-20100110/bin/../lib/gcc/avr/4.3.3/avr5\libgcc.a(_udivmodqi4.o)
                              ./APP_Layer/Real Time Clock.o (__udivmodqi4)
c:/winavr-20100110/bin/../lib/gcc/avr/4.3.3/avr5\libgcc.a(_udivmodhi4.o)
                              ./HAL_Layer/LM35/LM35_prog.o (__udivmodhi4)
c:/winavr-20100110/bin/../lib/gcc/avr/4.3.3/avr5\libgcc.a(_udivmodsi4.o)
                              ./HAL_Layer/CLCD/CLCD_prog.o (__udivmodsi4)
c:/winavr-20100110/bin/../lib/gcc/avr/4.3.3/avr5\libgcc.a(_divmodsi4.o)
                              ./HAL_Layer/CLCD/CLCD_prog.o (__divmodsi4)
c:/winavr-20100110/bin/../lib/gcc/avr/4.3.3/avr5\libgcc.a(_exit.o)
                              c:/winavr-20100110/bin/../lib/gcc/avr/4.3.3/../../../../avr/lib/avr5/crtm32.o (exit)
c:/winavr-20100110/bin/../lib/gcc/avr/4.3.3/avr5\libgcc.a(_copy_data.o)
                              ./HAL_Layer/KPD/KPD_prog.o (__do_copy_data)
c:/winavr-20100110/bin/../lib/gcc/avr/4.3.3/avr5\libgcc.a(_clear_bss.o)
                              ./MCAL_Layer/TIMER/TIMER_program.o (__do_clear_bss)
c:/winavr-20100110/bin/../lib/gcc/avr/4.3.3/avr5\libgcc.a(_fixunssfsi.o)
                              ./HAL_Layer/KPD/KPD_prog.o (__fixunssfsi)
c:/winavr-20100110/bin/../lib/gcc/avr/4.3.3/avr5\libgcc.a(_fixsfdi.o)
                              ./HAL_Layer/CLCD/CLCD_prog.o (__fixsfdi)
c:/winavr-20100110/bin/../lib/gcc/avr/4.3.3/avr5\libgcc.a(_fixunssfdi.o)
                              c:/winavr-20100110/bin/../lib/gcc/avr/4.3.3/avr5\libgcc.a(_fixsfdi.o) (__fixunssfdi)
c:/winavr-20100110/bin/../lib/gcc/avr/4.3.3/avr5\libgcc.a(_addsub_sf.o)
                              ./HAL_Layer/CLCD/CLCD_prog.o (__subsf3)
c:/winavr-20100110/bin/../lib/gcc/avr/4.3.3/avr5\libgcc.a(_mul_sf.o)
                              ./HAL_Layer/KPD/KPD_prog.o (__mulsf3)
c:/winavr-20100110/bin/../lib/gcc/avr/4.3.3/avr5\libgcc.a(_div_sf.o)
                              c:/winavr-20100110/bin/../lib/gcc/avr/4.3.3/avr5\libgcc.a(_fixunssfdi.o) (__divsf3)
c:/winavr-20100110/bin/../lib/gcc/avr/4.3.3/avr5\libgcc.a(_gt_sf.o)
                              ./HAL_Layer/KPD/KPD_prog.o (__gtsf2)
c:/winavr-20100110/bin/../lib/gcc/avr/4.3.3/avr5\libgcc.a(_ge_sf.o)
                              c:/winavr-20100110/bin/../lib/gcc/avr/4.3.3/avr5\libgcc.a(_fixunssfsi.o) (__gesf2)
c:/winavr-20100110/bin/../lib/gcc/avr/4.3.3/avr5\libgcc.a(_lt_sf.o)
                              ./HAL_Layer/KPD/KPD_prog.o (__ltsf2)
c:/winavr-20100110/bin/../lib/gcc/avr/4.3.3/avr5\libgcc.a(_si_to_sf.o)
                              ./HAL_Layer/CLCD/CLCD_prog.o (__floatsisf)
c:/winavr-20100110/bin/../lib/gcc/avr/4.3.3/avr5\libgcc.a(_sf_to_si.o)
                              ./HAL_Layer/CLCD/CLCD_prog.o (__fixsfsi)
c:/winavr-20100110/bin/../lib/gcc/avr/4.3.3/avr5\libgcc.a(_thenan_sf.o)
                              c:/winavr-20100110/bin/../lib/gcc/avr/4.3.3/avr5\libgcc.a(_addsub_sf.o) (__thenan_sf)
c:/winavr-20100110/bin/../lib/gcc/avr/4.3.3/avr5\libgcc.a(_usi_to_sf.o)
                              c:/winavr-20100110/bin/../lib/gcc/avr/4.3.3/avr5\libgcc.a(_fixunssfdi.o) (__floatunsisf)
c:/winavr-20100110/bin/../lib/gcc/avr/4.3.3/avr5\libgcc.a(_prologue.o)
                              c:/winavr-20100110/bin/../lib/gcc/avr/4.3.3/avr5\libgcc.a(_fixunssfdi.o) (__prologue_saves__)
c:/winavr-20100110/bin/../lib/gcc/avr/4.3.3/avr5\libgcc.a(_epilogue.o)
                              c:/winavr-20100110/bin/../lib/gcc/avr/4.3.3/avr5\libgcc.a(_fixunssfdi.o) (__epilogue_restores__)
c:/winavr-20100110/bin/../lib/gcc/avr/4.3.3/avr5\libgcc.a(_ashldi3.o)
                              c:/winavr-20100110/bin/../lib/gcc/avr/4.3.3/avr5\libgcc.a(_fixunssfdi.o) (__ashldi3)
c:/winavr-20100110/bin/../lib/gcc/avr/4.3.3/avr5\libgcc.a(_clzsi2.o)
                              c:/winavr-20100110/bin/../lib/gcc/avr/4.3.3/avr5\libgcc.a(_si_to_sf.o) (__clzsi2)
c:/winavr-20100110/bin/../lib/gcc/avr/4.3.3/avr5\libgcc.a(_pack_sf.o)
                              c:/winavr-20100110/bin/../lib/gcc/avr/4.3.3/avr5\libgcc.a(_addsub_sf.o) (__pack_f)
c:/winavr-20100110/bin/../lib/gcc/avr/4.3.3/avr5\libgcc.a(_unpack_sf.o)
                              c:/winavr-20100110/bin/../lib/gcc/avr/4.3.3/avr5\libgcc.a(_addsub_sf.o) (__unpack_f)
c:/winavr-20100110/bin/../lib/gcc/avr/4.3.3/avr5\libgcc.a(_fpcmp_parts_sf.o)
                              c:/winavr-20100110/bin/../lib/gcc/avr/4.3.3/avr5\libgcc.a(_gt_sf.o) (__fpcmp_parts_f)
c:/winavr-20100110/bin/../lib/gcc/avr/4.3.3/avr5\libgcc.a(_clz.o)
                              c:/winavr-20100110/bin/../lib/gcc/avr/4.3.3/avr5\libgcc.a(_clzsi2.o) (__clz_tab)

Allocating common symbols
Common symbol       size              file

Alarm_Hour          0x1               ./APP_Layer/Real Time Clock.o
Time_DayFlag        0x1               ./APP_Layer/Real Time Clock.o
KPD_Press           0x1               ./APP_Layer/Real Time Clock.o
Alarm_Minutes       0x1               ./APP_Layer/Real Time Clock.o

Memory Configuration

Name             Origin             Length             Attributes
text             0x00000000         0x00020000         xr
data             0x00800060         0x0000ffa0         rw !x
eeprom           0x00810000         0x00010000         rw !x
fuse             0x00820000         0x00000400         rw !x
lock             0x00830000         0x00000400         rw !x
signature        0x00840000         0x00000400         rw !x
*default*        0x00000000         0xffffffff

Linker script and memory map

LOAD c:/winavr-20100110/bin/../lib/gcc/avr/4.3.3/../../../../avr/lib/avr5/crtm32.o
LOAD ./MCAL_Layer/TIMER/TIMER_program.o
LOAD ./MCAL_Layer/GIE/GIE_prog.o
LOAD ./MCAL_Layer/DIO/DIO_prog.o
LOAD ./MCAL_Layer/ADC/ADC_prog.o
LOAD ./HAL_Layer/LM35/LM35_prog.o
LOAD ./HAL_Layer/KPD/KPD_prog.o
LOAD ./HAL_Layer/CLCD/CLCD_prog.o
LOAD ./HAL_Layer/BUZZ/BUZ_prog.o
LOAD ./HAL_Layer/BCD_To_SSD/BCD_To_SSD_prog.o
LOAD ./APP_Layer/Real Time Clock.o
LOAD c:/winavr-20100110/bin/../lib/gcc/avr/4.3.3/avr5\libgcc.a
LOAD c:/winavr-20100110/bin/../lib/gcc/avr/4.3.3/../../../../avr/lib/avr5\libc.a
LOAD c:/winavr-20100110/bin/../lib/gcc/avr/4.3.3/avr5\libgcc.a

.hash
 *(.hash)

.dynsym
 *(.dynsym)

.dynstr
 *(.dynstr)

.gnu.version
 *(.gnu.version)

.gnu.version_d
 *(.gnu.version_d)

.gnu.version_r
 *(.gnu.version_r)

.rel.init
 *(.rel.init)

.rela.init
 *(.rela.init)

.rel.text
 *(.rel.text)
 *(.rel.text.*)
 *(.rel.gnu.linkonce.t*)

.rela.text
 *(.rela.text)
 *(.rela.text.*)
 *(.rela.gnu.linkonce.t*)

.rel.fini
 *(.rel.fini)

.rela.fini
 *(.rela.fini)

.rel.rodata
 *(.rel.rodata)
 *(.rel.rodata.*)
 *(.rel.gnu.linkonce.r*)

.rela.rodata
 *(.rela.rodata)
 *(.rela.rodata.*)
 *(.rela.gnu.linkonce.r*)

.rel.data
 *(.rel.data)
 *(.rel.data.*)
 *(.rel.gnu.linkonce.d*)

.rela.data
 *(.rela.data)
 *(.rela.data.*)
 *(.rela.gnu.linkonce.d*)

.rel.ctors
 *(.rel.ctors)

.rela.ctors
 *(.rela.ctors)

.rel.dtors
 *(.rel.dtors)

.rela.dtors
 *(.rela.dtors)

.rel.got
 *(.rel.got)

.rela.got
 *(.rela.got)

.rel.bss
 *(.rel.bss)

.rela.bss
 *(.rela.bss)

.rel.plt
 *(.rel.plt)

.rela.plt
 *(.rela.plt)

.text           0x00000000     0x7a9a
 *(.vectors)
 .vectors       0x00000000       0x54 c:/winavr-20100110/bin/../lib/gcc/avr/4.3.3/../../../../avr/lib/avr5/crtm32.o
                0x00000000                __vectors
                0x00000000                __vector_default
 *(.vectors)
 *(.progmem.gcc*)
 *(.progmem*)
                0x00000054                . = ALIGN (0x2)
                0x00000054                __trampolines_start = .
 *(.trampolines)
 .trampolines   0x00000054        0x0 linker stubs
 *(.trampolines*)
                0x00000054                __trampolines_end = .
 *(.jumptables)
 *(.jumptables*)
 *(.lowtext)
 *(.lowtext*)
                0x00000054                __ctors_start = .
 *(.ctors)
                0x00000054                __ctors_end = .
                0x00000054                __dtors_start = .
 *(.dtors)
                0x00000054                __dtors_end = .
 SORT(*)(.ctors)
 SORT(*)(.dtors)
 *(.init0)
 .init0         0x00000054        0x0 c:/winavr-20100110/bin/../lib/gcc/avr/4.3.3/../../../../avr/lib/avr5/crtm32.o
                0x00000054                __init
 *(.init0)
 *(.init1)
 *(.init1)
 *(.init2)
 .init2         0x00000054        0xc c:/winavr-20100110/bin/../lib/gcc/avr/4.3.3/../../../../avr/lib/avr5/crtm32.o
 *(.init2)
 *(.init3)
 *(.init3)
 *(.init4)
 .init4         0x00000060       0x16 c:/winavr-20100110/bin/../lib/gcc/avr/4.3.3/avr5\libgcc.a(_copy_data.o)
                0x00000060                __do_copy_data
 .init4         0x00000076       0x10 c:/winavr-20100110/bin/../lib/gcc/avr/4.3.3/avr5\libgcc.a(_clear_bss.o)
                0x00000076                __do_clear_bss
 *(.init4)
 *(.init5)
 *(.init5)
 *(.init6)
 *(.init6)
 *(.init7)
 *(.init7)
 *(.init8)
 *(.init8)
 *(.init9)
 .init9         0x00000086        0x8 c:/winavr-20100110/bin/../lib/gcc/avr/4.3.3/../../../../avr/lib/avr5/crtm32.o
 *(.init9)
 *(.text)
 .text          0x0000008e        0x4 c:/winavr-20100110/bin/../lib/gcc/avr/4.3.3/../../../../avr/lib/avr5/crtm32.o
                0x0000008e                __vector_1
                0x0000008e                __vector_12
                0x0000008e                __bad_interrupt
                0x0000008e                __vector_3
                0x0000008e                __vector_13
                0x0000008e                __vector_17
                0x0000008e                __vector_19
                0x0000008e                __vector_2
                0x0000008e                __vector_15
                0x0000008e                __vector_14
                0x0000008e                __vector_18
                0x0000008e                __vector_20
 .text          0x00000092        0x0 ./MCAL_Layer/TIMER/TIMER_program.o
 .text          0x00000092        0x0 ./MCAL_Layer/GIE/GIE_prog.o
 .text          0x00000092        0x0 ./MCAL_Layer/DIO/DIO_prog.o
 .text          0x00000092        0x0 ./MCAL_Layer/ADC/ADC_prog.o
 .text          0x00000092        0x0 ./HAL_Layer/LM35/LM35_prog.o
 .text          0x00000092        0x0 ./HAL_Layer/KPD/KPD_prog.o
 .text          0x00000092        0x0 ./HAL_Layer/CLCD/CLCD_prog.o
 .text          0x00000092        0x0 ./HAL_Layer/BUZZ/BUZ_prog.o
 .text          0x00000092        0x0 ./HAL_Layer/BCD_To_SSD/BCD_To_SSD_prog.o
 .text          0x00000092        0x0 ./APP_Layer/Real Time Clock.o
 .text          0x00000092        0x0 c:/winavr-20100110/bin/../lib/gcc/avr/4.3.3/avr5\libgcc.a(_mulsi3.o)
 .text          0x00000092        0x0 c:/winavr-20100110/bin/../lib/gcc/avr/4.3.3/avr5\libgcc.a(_udivmodqi4.o)
 .text          0x00000092        0x0 c:/winavr-20100110/bin/../lib/gcc/avr/4.3.3/avr5\libgcc.a(_udivmodhi4.o)
 .text          0x00000092        0x0 c:/winavr-20100110/bin/../lib/gcc/avr/4.3.3/avr5\libgcc.a(_udivmodsi4.o)
 .text          0x00000092        0x0 c:/winavr-20100110/bin/../lib/gcc/avr/4.3.3/avr5\libgcc.a(_divmodsi4.o)
 .text          0x00000092        0x0 c:/winavr-20100110/bin/../lib/gcc/avr/4.3.3/avr5\libgcc.a(_exit.o)
 .text          0x00000092        0x0 c:/winavr-20100110/bin/../lib/gcc/avr/4.3.3/avr5\libgcc.a(_copy_data.o)
 .text          0x00000092        0x0 c:/winavr-20100110/bin/../lib/gcc/avr/4.3.3/avr5\libgcc.a(_clear_bss.o)
 .text          0x00000092       0x58 c:/winavr-20100110/bin/../lib/gcc/avr/4.3.3/avr5\libgcc.a(_fixunssfsi.o)
                0x00000092                __fixunssfsi
 .text          0x000000ea       0xe8 c:/winavr-20100110/bin/../lib/gcc/avr/4.3.3/avr5\libgcc.a(_fixsfdi.o)
                0x000000ea                __fixsfdi
 .text          0x000001d2      0x150 c:/winavr-20100110/bin/../lib/gcc/avr/4.3.3/avr5\libgcc.a(_fixunssfdi.o)
                0x000001d2                __fixunssfdi
 .text          0x00000322      0x354 c:/winavr-20100110/bin/../lib/gcc/avr/4.3.3/avr5\libgcc.a(_addsub_sf.o)
                0x000005ba                __subsf3
                0x0000061c                __addsf3
 .text          0x00000676      0x1f4 c:/winavr-20100110/bin/../lib/gcc/avr/4.3.3/avr5\libgcc.a(_mul_sf.o)
                0x00000676                __mulsf3
 .text          0x0000086a      0x158 c:/winavr-20100110/bin/../lib/gcc/avr/4.3.3/avr5\libgcc.a(_div_sf.o)
                0x0000086a                __divsf3
 .text          0x000009c2       0x60 c:/winavr-20100110/bin/../lib/gcc/avr/4.3.3/avr5\libgcc.a(_gt_sf.o)
                0x000009c2                __gtsf2
 .text          0x00000a22       0x60 c:/winavr-20100110/bin/../lib/gcc/avr/4.3.3/avr5\libgcc.a(_ge_sf.o)
                0x00000a22                __gesf2
 .text          0x00000a82       0x60 c:/winavr-20100110/bin/../lib/gcc/avr/4.3.3/avr5\libgcc.a(_lt_sf.o)
                0x00000a82                __ltsf2
 .text          0x00000ae2       0xbc c:/winavr-20100110/bin/../lib/gcc/avr/4.3.3/avr5\libgcc.a(_si_to_sf.o)
                0x00000ae2                __floatsisf
 .text          0x00000b9e       0xa8 c:/winavr-20100110/bin/../lib/gcc/avr/4.3.3/avr5\libgcc.a(_sf_to_si.o)
                0x00000b9e                __fixsfsi
 .text          0x00000c46        0x0 c:/winavr-20100110/bin/../lib/gcc/avr/4.3.3/avr5\libgcc.a(_thenan_sf.o)
 .text          0x00000c46       0xf2 c:/winavr-20100110/bin/../lib/gcc/avr/4.3.3/avr5\libgcc.a(_usi_to_sf.o)
                0x00000c46                __floatunsisf
 .text          0x00000d38        0x0 c:/winavr-20100110/bin/../lib/gcc/avr/4.3.3/avr5\libgcc.a(_prologue.o)
 .text          0x00000d38        0x0 c:/winavr-20100110/bin/../lib/gcc/avr/4.3.3/avr5\libgcc.a(_epilogue.o)
 .text          0x00000d38       0xfe c:/winavr-20100110/bin/../lib/gcc/avr/4.3.3/avr5\libgcc.a(_ashldi3.o)
                0x00000d38                __ashldi3
 .text          0x00000e36       0x9e c:/winavr-20100110/bin/../lib/gcc/avr/4.3.3/avr5\libgcc.a(_clzsi2.o)
                0x00000e36                __clzsi2
 .text          0x00000ed4      0x1aa c:/winavr-20100110/bin/../lib/gcc/avr/4.3.3/avr5\libgcc.a(_pack_sf.o)
                0x00000ed4                __pack_f
 .text          0x0000107e       0xf0 c:/winavr-20100110/bin/../lib/gcc/avr/4.3.3/avr5\libgcc.a(_unpack_sf.o)
                0x0000107e                __unpack_f
 .text          0x0000116e       0xb2 c:/winavr-20100110/bin/../lib/gcc/avr/4.3.3/avr5\libgcc.a(_fpcmp_parts_sf.o)
                0x0000116e                __fpcmp_parts_f
 .text          0x00001220        0x0 c:/winavr-20100110/bin/../lib/gcc/avr/4.3.3/avr5\libgcc.a(_clz.o)
                0x00001220                . = ALIGN (0x2)
 *(.text.*)
 .text.TIMER0_vInit
                0x00001220       0x66 ./MCAL_Layer/TIMER/TIMER_program.o
                0x00001220                TIMER0_vInit
 .text.TIMER1_vInit
                0x00001286       0xfc ./MCAL_Layer/TIMER/TIMER_program.o
                0x00001286                TIMER1_vInit
 .text.TIMER2_vInit
                0x00001382       0x68 ./MCAL_Layer/TIMER/TIMER_program.o
                0x00001382                TIMER2_vInit
 .text.TIMER0_vSetPreload
                0x000013ea       0x1c ./MCAL_Layer/TIMER/TIMER_program.o
                0x000013ea                TIMER0_vSetPreload
 .text.TIMER1_vSetPreload
                0x00001406       0x24 ./MCAL_Layer/TIMER/TIMER_program.o
                0x00001406                TIMER1_vSetPreload
 .text.TIMER2_vSetPreload
                0x0000142a       0x1c ./MCAL_Layer/TIMER/TIMER_program.o
                0x0000142a                TIMER2_vSetPreload
 .text.TIMER0_vSetCTC
                0x00001446       0x1c ./MCAL_Layer/TIMER/TIMER_program.o
                0x00001446                TIMER0_vSetCTC
 .text.TIMER1_vSetCTCA
                0x00001462       0x24 ./MCAL_Layer/TIMER/TIMER_program.o
                0x00001462                TIMER1_vSetCTCA
 .text.TIMER1_vSetCTCB
                0x00001486       0x24 ./MCAL_Layer/TIMER/TIMER_program.o
                0x00001486                TIMER1_vSetCTCB
 .text.TIMER2_vSetCTC
                0x000014aa       0x1c ./MCAL_Layer/TIMER/TIMER_program.o
                0x000014aa                TIMER2_vSetCTC
 .text.TIMER1_vSetICR1
                0x000014c6       0x24 ./MCAL_Layer/TIMER/TIMER_program.o
                0x000014c6                TIMER1_vSetICR1
 .text.TIMER0_u8GetTimerCounterValue
                0x000014ea       0x14 ./MCAL_Layer/TIMER/TIMER_program.o
                0x000014ea                TIMER0_u8GetTimerCounterValue
 .text.TIMER1_u16GetTimerCounterValue
                0x000014fe       0x16 ./MCAL_Layer/TIMER/TIMER_program.o
                0x000014fe                TIMER1_u16GetTimerCounterValue
 .text.TIMER2_u8GetTimerCounterValue
                0x00001514       0x14 ./MCAL_Layer/TIMER/TIMER_program.o
                0x00001514                TIMER2_u8GetTimerCounterValue
 .text.TIMER_vSetPWM
                0x00001528       0x24 ./MCAL_Layer/TIMER/TIMER_program.o
                0x00001528                TIMER_vSetPWM
 .text.Timer2_vSetPrescaler
                0x0000154c       0x32 ./MCAL_Layer/TIMER/TIMER_program.o
                0x0000154c                Timer2_vSetPrescaler
 .text.Timer0_vSetPrescaler
                0x0000157e       0x32 ./MCAL_Layer/TIMER/TIMER_program.o
                0x0000157e                Timer0_vSetPrescaler
 .text.TIMER_vICUInitEnable
                0x000015b0       0x2a ./MCAL_Layer/TIMER/TIMER_program.o
                0x000015b0                TIMER_vICUInitEnable
 .text.TIMER_vICUSetTriggerEdge
                0x000015da       0x4a ./MCAL_Layer/TIMER/TIMER_program.o
                0x000015da                TIMER_vICUSetTriggerEdge
 .text.TIMER_vICUEnableInterrupt
                0x00001624       0x1c ./MCAL_Layer/TIMER/TIMER_program.o
                0x00001624                TIMER_vICUEnableInterrupt
 .text.TIMER_vICUDisableInterrupt
                0x00001640       0x1c ./MCAL_Layer/TIMER/TIMER_program.o
                0x00001640                TIMER_vICUDisableInterrupt
 .text.TIMER_u16GetICR
                0x0000165c       0x16 ./MCAL_Layer/TIMER/TIMER_program.o
                0x0000165c                TIMER_u16GetICR
 .text.TIMER_vWDTSleep
                0x00001672       0x2a ./MCAL_Layer/TIMER/TIMER_program.o
                0x00001672                TIMER_vWDTSleep
 .text.TIMER_vWDTEnable
                0x0000169c       0x1c ./MCAL_Layer/TIMER/TIMER_program.o
                0x0000169c                TIMER_vWDTEnable
 .text.TIMER_vWDTDisable
                0x000016b8       0x22 ./MCAL_Layer/TIMER/TIMER_program.o
                0x000016b8                TIMER_vWDTDisable
 .text.TIMER_u8SetCallBack
                0x000016da       0x4a ./MCAL_Layer/TIMER/TIMER_program.o
                0x000016da                TIMER_u8SetCallBack
 .text.__vector_11
                0x00001724       0x66 ./MCAL_Layer/TIMER/TIMER_program.o
                0x00001724                __vector_11
 .text.__vector_10
                0x0000178a       0x66 ./MCAL_Layer/TIMER/TIMER_program.o
                0x0000178a                __vector_10
 .text.__vector_9
                0x000017f0       0x66 ./MCAL_Layer/TIMER/TIMER_program.o
                0x000017f0                __vector_9
 .text.__vector_8
                0x00001856       0x66 ./MCAL_Layer/TIMER/TIMER_program.o
                0x00001856                __vector_8
 .text.__vector_7
                0x000018bc       0x66 ./MCAL_Layer/TIMER/TIMER_program.o
                0x000018bc                __vector_7
 .text.__vector_6
                0x00001922       0x66 ./MCAL_Layer/TIMER/TIMER_program.o
                0x00001922                __vector_6
 .text.__vector_5
                0x00001988       0x66 ./MCAL_Layer/TIMER/TIMER_program.o
                0x00001988                __vector_5
 .text.__vector_4
                0x000019ee       0x66 ./MCAL_Layer/TIMER/TIMER_program.o
                0x000019ee                __vector_4
 .text.GIE_vEnable
                0x00001a54       0x1c ./MCAL_Layer/GIE/GIE_prog.o
                0x00001a54                GIE_vEnable
 .text.GIE_vDisable
                0x00001a70       0x1c ./MCAL_Layer/GIE/GIE_prog.o
                0x00001a70                GIE_vDisable
 .text.DIO_enumSetPinDir
                0x00001a8c      0x21e ./MCAL_Layer/DIO/DIO_prog.o
                0x00001a8c                DIO_enumSetPinDir
 .text.DIO_enumWritePinVal
                0x00001caa      0x21e ./MCAL_Layer/DIO/DIO_prog.o
                0x00001caa                DIO_enumWritePinVal
 .text.DIO_enumReadPinVal
                0x00001ec8      0x18a ./MCAL_Layer/DIO/DIO_prog.o
                0x00001ec8                DIO_enumReadPinVal
 .text.DIO_enumTogglePinVal
                0x00002052      0x118 ./MCAL_Layer/DIO/DIO_prog.o
                0x00002052                DIO_enumTogglePinVal
 .text.DIO_enumConnectPullUp
                0x0000216a      0x2b2 ./MCAL_Layer/DIO/DIO_prog.o
                0x0000216a                DIO_enumConnectPullUp
 .text.DIO_enumSetPortDir
                0x0000241c       0x9a ./MCAL_Layer/DIO/DIO_prog.o
                0x0000241c                DIO_enumSetPortDir
 .text.DIO_enumWritePortVal
                0x000024b6       0x9a ./MCAL_Layer/DIO/DIO_prog.o
                0x000024b6                DIO_enumWritePortVal
 .text.DIO_enumReadPorVal
                0x00002550       0xbe ./MCAL_Layer/DIO/DIO_prog.o
                0x00002550                DIO_enumReadPorVal
 .text.DIO_enumTogglePortValue
                0x0000260e       0xaa ./MCAL_Layer/DIO/DIO_prog.o
                0x0000260e                DIO_enumTogglePortValue
 .text.DIO_vWriteLowNibble
                0x000026b8       0xf6 ./MCAL_Layer/DIO/DIO_prog.o
                0x000026b8                DIO_vWriteLowNibble
 .text.DIO_vWriteHighNibble
                0x000027ae       0xf8 ./MCAL_Layer/DIO/DIO_prog.o
                0x000027ae                DIO_vWriteHighNibble
 .text.DIO_vSetLowNibbleDir
                0x000028a6       0xf6 ./MCAL_Layer/DIO/DIO_prog.o
                0x000028a6                DIO_vSetLowNibbleDir
 .text.DIO_vSetHighNibbleDir
                0x0000299c       0xf8 ./MCAL_Layer/DIO/DIO_prog.o
                0x0000299c                DIO_vSetHighNibbleDir
 .text.ADC_vInit
                0x00002a94       0x7e ./MCAL_Layer/ADC/ADC_prog.o
                0x00002a94                ADC_vInit
 .text.ADC_vEnable
                0x00002b12       0x1c ./MCAL_Layer/ADC/ADC_prog.o
                0x00002b12                ADC_vEnable
 .text.ADC_vDisable
                0x00002b2e       0x1c ./MCAL_Layer/ADC/ADC_prog.o
                0x00002b2e                ADC_vDisable
 .text.ADC_vInterruptEnable
                0x00002b4a       0x1c ./MCAL_Layer/ADC/ADC_prog.o
                0x00002b4a                ADC_vInterruptEnable
 .text.ADC_vInterruptDisable
                0x00002b66       0x1c ./MCAL_Layer/ADC/ADC_prog.o
                0x00002b66                ADC_vInterruptDisable
 .text.ADC_u8VoltageReference
                0x00002b82       0x66 ./MCAL_Layer/ADC/ADC_prog.o
                0x00002b82                ADC_u8VoltageReference
 .text.ADC_u8SetPrescaler
                0x00002be8       0x42 ./MCAL_Layer/ADC/ADC_prog.o
                0x00002be8                ADC_u8SetPrescaler
 .text.ADC_u8SetAdjustment
                0x00002c2a       0x4a ./MCAL_Layer/ADC/ADC_prog.o
                0x00002c2a                ADC_u8SetAdjustment
 .text.ADC_u8SetTriggerSource
                0x00002c74       0x64 ./MCAL_Layer/ADC/ADC_prog.o
                0x00002c74                ADC_u8SetTriggerSource
 .text.ADC_u8GetResultSync
                0x00002cd8      0x136 ./MCAL_Layer/ADC/ADC_prog.o
                0x00002cd8                ADC_u8GetResultSync
 .text.ADC_u8StartConversionAsynch
                0x00002e0e       0xb4 ./MCAL_Layer/ADC/ADC_prog.o
                0x00002e0e                ADC_u8StartConversionAsynch
 .text.ADC_u8StartChainAsynch
                0x00002ec2      0x120 ./MCAL_Layer/ADC/ADC_prog.o
                0x00002ec2                ADC_u8StartChainAsynch
 .text.__vector_16
                0x00002fe2      0x176 ./MCAL_Layer/ADC/ADC_prog.o
                0x00002fe2                __vector_16
 .text.LM35_u8GetTemp
                0x00003158      0x104 ./HAL_Layer/LM35/LM35_prog.o
                0x00003158                LM35_u8GetTemp
 .text.LM35_u8GetAnalogSignal
                0x0000325c       0xf6 ./HAL_Layer/LM35/LM35_prog.o
                0x0000325c                LM35_u8GetAnalogSignal
 .text.KPD_vInit
                0x00003352       0x46 ./HAL_Layer/KPD/KPD_prog.o
                0x00003352                KPD_vInit
 .text.KPD_u8GetPressed
                0x00003398      0x1cc ./HAL_Layer/KPD/KPD_prog.o
                0x00003398                KPD_u8GetPressed
 .text.CLCD_vInit
                0x00003564      0x52e ./HAL_Layer/CLCD/CLCD_prog.o
                0x00003564                CLCD_vInit
 .text.CLCD_vSendData
                0x00003a92       0x48 ./HAL_Layer/CLCD/CLCD_prog.o
                0x00003a92                CLCD_vSendData
 .text.CLCD_vSendCommand
                0x00003ada       0x48 ./HAL_Layer/CLCD/CLCD_prog.o
                0x00003ada                CLCD_vSendCommand
 .text.CLCD_vSendFallingEdge
                0x00003b22      0x202 ./HAL_Layer/CLCD/CLCD_prog.o
 .text.CLCD_vClearScreen
                0x00003d24      0x110 ./HAL_Layer/CLCD/CLCD_prog.o
                0x00003d24                CLCD_vClearScreen
 .text.CLCD_vSendString
                0x00003e34       0x52 ./HAL_Layer/CLCD/CLCD_prog.o
                0x00003e34                CLCD_vSendString
 .text.CLCD_vSendIntNumber
                0x00003e86      0x170 ./HAL_Layer/CLCD/CLCD_prog.o
                0x00003e86                CLCD_vSendIntNumber
 .text.CLCD_vSendFloatNumber
                0x00003ff6      0x126 ./HAL_Layer/CLCD/CLCD_prog.o
                0x00003ff6                CLCD_vSendFloatNumber
 .text.CLCD_vSetPosition
                0x0000411c      0x168 ./HAL_Layer/CLCD/CLCD_prog.o
                0x0000411c                CLCD_vSetPosition
 .text.CLCD_vSendExtraChar
                0x00004284       0x64 ./HAL_Layer/CLCD/CLCD_prog.o
                0x00004284                CLCD_vSendExtraChar
 .text.CLCD_voidShiftDisplayRight
                0x000042e8      0x110 ./HAL_Layer/CLCD/CLCD_prog.o
                0x000042e8                CLCD_voidShiftDisplayRight
 .text.CLCD_voidShiftDisplayLeft
                0x000043f8      0x110 ./HAL_Layer/CLCD/CLCD_prog.o
                0x000043f8                CLCD_voidShiftDisplayLeft
 .text.BUZ_vInit
                0x00004508       0x2a ./HAL_Layer/BUZZ/BUZ_prog.o
                0x00004508                BUZ_vInit
 .text.BUZ_vOn  0x00004532       0x44 ./HAL_Layer/BUZZ/BUZ_prog.o
                0x00004532                BUZ_vOn
 .text.BUZ_vOff
                0x00004576       0x44 ./HAL_Layer/BUZZ/BUZ_prog.o
                0x00004576                BUZ_vOff
 .text.BUZ_vTog
                0x000045ba       0x28 ./HAL_Layer/BUZZ/BUZ_prog.o
                0x000045ba                BUZ_vTog
 .text.SSD_vInitDataPort
                0x000045e2       0x46 ./HAL_Layer/BCD_To_SSD/BCD_To_SSD_prog.o
                0x000045e2                SSD_vInitDataPort
 .text.SSD_vSendNumber
                0x00004628       0x4a ./HAL_Layer/BCD_To_SSD/BCD_To_SSD_prog.o
                0x00004628                SSD_vSendNumber
 .text.SSD_vEnable
                0x00004672       0x66 ./HAL_Layer/BCD_To_SSD/BCD_To_SSD_prog.o
                0x00004672                SSD_vEnable
 .text.SSD_vDisable
                0x000046d8       0x66 ./HAL_Layer/BCD_To_SSD/BCD_To_SSD_prog.o
                0x000046d8                SSD_vDisable
 .text.main     0x0000473e     0x1980 ./APP_Layer/Real Time Clock.o
                0x0000473e                main
 .text.Set_Time
                0x000060be      0x92c ./APP_Layer/Real Time Clock.o
                0x000060be                Set_Time
 .text.Select_Mode
                0x000069ea      0x2ca ./APP_Layer/Real Time Clock.o
                0x000069ea                Select_Mode
 .text.Set_Alarm
                0x00006cb4      0x95e ./APP_Layer/Real Time Clock.o
                0x00006cb4                Set_Alarm
 .text.Get_Temp
                0x00007612      0x222 ./APP_Layer/Real Time Clock.o
                0x00007612                Get_Temp
 .text.ISR_TIMER2_OVF_MODE
                0x00007834       0xfc ./APP_Layer/Real Time Clock.o
                0x00007834                ISR_TIMER2_OVF_MODE
 .text.libgcc   0x00007930       0x3e c:/winavr-20100110/bin/../lib/gcc/avr/4.3.3/avr5\libgcc.a(_mulsi3.o)
                0x00007930                __mulsi3
 .text.libgcc   0x0000796e       0x18 c:/winavr-20100110/bin/../lib/gcc/avr/4.3.3/avr5\libgcc.a(_udivmodqi4.o)
                0x0000796e                __udivmodqi4
 .text.libgcc   0x00007986       0x28 c:/winavr-20100110/bin/../lib/gcc/avr/4.3.3/avr5\libgcc.a(_udivmodhi4.o)
                0x00007986                __udivmodhi4
 .text.libgcc   0x000079ae       0x44 c:/winavr-20100110/bin/../lib/gcc/avr/4.3.3/avr5\libgcc.a(_udivmodsi4.o)
                0x000079ae                __udivmodsi4
 .text.libgcc   0x000079f2       0x36 c:/winavr-20100110/bin/../lib/gcc/avr/4.3.3/avr5\libgcc.a(_divmodsi4.o)
                0x000079f2                __divmodsi4
 .text.libgcc   0x00007a28        0x0 c:/winavr-20100110/bin/../lib/gcc/avr/4.3.3/avr5\libgcc.a(_exit.o)
 .text.libgcc   0x00007a28        0x0 c:/winavr-20100110/bin/../lib/gcc/avr/4.3.3/avr5\libgcc.a(_copy_data.o)
 .text.libgcc   0x00007a28        0x0 c:/winavr-20100110/bin/../lib/gcc/avr/4.3.3/avr5\libgcc.a(_clear_bss.o)
 .text.libgcc   0x00007a28       0x38 c:/winavr-20100110/bin/../lib/gcc/avr/4.3.3/avr5\libgcc.a(_prologue.o)
                0x00007a28                __prologue_saves__
 .text.libgcc   0x00007a60       0x36 c:/winavr-20100110/bin/../lib/gcc/avr/4.3.3/avr5\libgcc.a(_epilogue.o)
                0x00007a60                __epilogue_restores__
                0x00007a96                . = ALIGN (0x2)
 *(.fini9)
 .fini9         0x00007a96        0x0 c:/winavr-20100110/bin/../lib/gcc/avr/4.3.3/avr5\libgcc.a(_exit.o)
                0x00007a96                exit
                0x00007a96                _exit
 *(.fini9)
 *(.fini8)
 *(.fini8)
 *(.fini7)
 *(.fini7)
 *(.fini6)
 *(.fini6)
 *(.fini5)
 *(.fini5)
 *(.fini4)
 *(.fini4)
 *(.fini3)
 *(.fini3)
 *(.fini2)
 *(.fini2)
 *(.fini1)
 *(.fini1)
 *(.fini0)
 .fini0         0x00007a96        0x4 c:/winavr-20100110/bin/../lib/gcc/avr/4.3.3/avr5\libgcc.a(_exit.o)
 *(.fini0)
                0x00007a9a                _etext = .

.data           0x00800060      0x31a load address 0x00007a9a
                0x00800060                PROVIDE (__data_start, .)
 *(.data)
 .data          0x00800060        0x0 c:/winavr-20100110/bin/../lib/gcc/avr/4.3.3/../../../../avr/lib/avr5/crtm32.o
 .data          0x00800060        0x0 ./MCAL_Layer/TIMER/TIMER_program.o
 .data          0x00800060        0x0 ./MCAL_Layer/GIE/GIE_prog.o
 .data          0x00800060        0x0 ./MCAL_Layer/DIO/DIO_prog.o
 .data          0x00800060        0x0 ./MCAL_Layer/ADC/ADC_prog.o
 .data          0x00800060        0x0 ./HAL_Layer/LM35/LM35_prog.o
 .data          0x00800060        0x0 ./HAL_Layer/KPD/KPD_prog.o
 .data          0x00800060        0x0 ./HAL_Layer/CLCD/CLCD_prog.o
 .data          0x00800060        0x0 ./HAL_Layer/BUZZ/BUZ_prog.o
 .data          0x00800060        0x0 ./HAL_Layer/BCD_To_SSD/BCD_To_SSD_prog.o
 .data          0x00800060      0x19b ./APP_Layer/Real Time Clock.o
 .data          0x008001fb        0x0 c:/winavr-20100110/bin/../lib/gcc/avr/4.3.3/avr5\libgcc.a(_mulsi3.o)
 .data          0x008001fb        0x0 c:/winavr-20100110/bin/../lib/gcc/avr/4.3.3/avr5\libgcc.a(_udivmodqi4.o)
 .data          0x008001fb        0x0 c:/winavr-20100110/bin/../lib/gcc/avr/4.3.3/avr5\libgcc.a(_udivmodhi4.o)
 .data          0x008001fb        0x0 c:/winavr-20100110/bin/../lib/gcc/avr/4.3.3/avr5\libgcc.a(_udivmodsi4.o)
 .data          0x008001fb        0x0 c:/winavr-20100110/bin/../lib/gcc/avr/4.3.3/avr5\libgcc.a(_divmodsi4.o)
 .data          0x008001fb        0x0 c:/winavr-20100110/bin/../lib/gcc/avr/4.3.3/avr5\libgcc.a(_exit.o)
 .data          0x008001fb        0x0 c:/winavr-20100110/bin/../lib/gcc/avr/4.3.3/avr5\libgcc.a(_copy_data.o)
 .data          0x008001fb        0x0 c:/winavr-20100110/bin/../lib/gcc/avr/4.3.3/avr5\libgcc.a(_clear_bss.o)
 .data          0x008001fb        0x0 c:/winavr-20100110/bin/../lib/gcc/avr/4.3.3/avr5\libgcc.a(_fixunssfsi.o)
 .data          0x008001fb        0x0 c:/winavr-20100110/bin/../lib/gcc/avr/4.3.3/avr5\libgcc.a(_fixsfdi.o)
 .data          0x008001fb        0x0 c:/winavr-20100110/bin/../lib/gcc/avr/4.3.3/avr5\libgcc.a(_fixunssfdi.o)
 .data          0x008001fb        0x0 c:/winavr-20100110/bin/../lib/gcc/avr/4.3.3/avr5\libgcc.a(_addsub_sf.o)
 .data          0x008001fb        0x0 c:/winavr-20100110/bin/../lib/gcc/avr/4.3.3/avr5\libgcc.a(_mul_sf.o)
 .data          0x008001fb        0x0 c:/winavr-20100110/bin/../lib/gcc/avr/4.3.3/avr5\libgcc.a(_div_sf.o)
 .data          0x008001fb        0x0 c:/winavr-20100110/bin/../lib/gcc/avr/4.3.3/avr5\libgcc.a(_gt_sf.o)
 .data          0x008001fb        0x0 c:/winavr-20100110/bin/../lib/gcc/avr/4.3.3/avr5\libgcc.a(_ge_sf.o)
 .data          0x008001fb        0x0 c:/winavr-20100110/bin/../lib/gcc/avr/4.3.3/avr5\libgcc.a(_lt_sf.o)
 .data          0x008001fb        0x0 c:/winavr-20100110/bin/../lib/gcc/avr/4.3.3/avr5\libgcc.a(_si_to_sf.o)
 .data          0x008001fb        0x0 c:/winavr-20100110/bin/../lib/gcc/avr/4.3.3/avr5\libgcc.a(_sf_to_si.o)
 .data          0x008001fb        0x8 c:/winavr-20100110/bin/../lib/gcc/avr/4.3.3/avr5\libgcc.a(_thenan_sf.o)
                0x008001fb                __thenan_sf
 .data          0x00800203        0x0 c:/winavr-20100110/bin/../lib/gcc/avr/4.3.3/avr5\libgcc.a(_usi_to_sf.o)
 .data          0x00800203        0x0 c:/winavr-20100110/bin/../lib/gcc/avr/4.3.3/avr5\libgcc.a(_prologue.o)
 .data          0x00800203        0x0 c:/winavr-20100110/bin/../lib/gcc/avr/4.3.3/avr5\libgcc.a(_epilogue.o)
 .data          0x00800203        0x0 c:/winavr-20100110/bin/../lib/gcc/avr/4.3.3/avr5\libgcc.a(_ashldi3.o)
 .data          0x00800203        0x0 c:/winavr-20100110/bin/../lib/gcc/avr/4.3.3/avr5\libgcc.a(_clzsi2.o)
 .data          0x00800203        0x0 c:/winavr-20100110/bin/../lib/gcc/avr/4.3.3/avr5\libgcc.a(_pack_sf.o)
 .data          0x00800203        0x0 c:/winavr-20100110/bin/../lib/gcc/avr/4.3.3/avr5\libgcc.a(_unpack_sf.o)
 .data          0x00800203        0x0 c:/winavr-20100110/bin/../lib/gcc/avr/4.3.3/avr5\libgcc.a(_fpcmp_parts_sf.o)
 .data          0x00800203      0x100 c:/winavr-20100110/bin/../lib/gcc/avr/4.3.3/avr5\libgcc.a(_clz.o)
                0x00800203                __clz_tab
 *(.data*)
 .data.KPD_u8Buttons
                0x00800303       0x10 ./HAL_Layer/KPD/KPD_prog.o
                0x00800303                KPD_u8Buttons
 .data.CLCD_u8ExtraChar
                0x00800313       0x40 ./HAL_Layer/CLCD/CLCD_prog.o
                0x00800313                CLCD_u8ExtraChar
 .data.Time_ModeFlag
                0x00800353        0x1 ./APP_Layer/Real Time Clock.o
                0x00800353                Time_ModeFlag
 .data.Time_Hour
                0x00800354        0x1 ./APP_Layer/Real Time Clock.o
                0x00800354                Time_Hour
 .data.Time_Mode
                0x00800355        0x1 ./APP_Layer/Real Time Clock.o
                0x00800355                Time_Mode
 .data.seven_seg0
                0x00800356        0x5 ./APP_Layer/Real Time Clock.o
                0x00800356                seven_seg0
 .data.seven_seg1
                0x0080035b        0x5 ./APP_Layer/Real Time Clock.o
                0x0080035b                seven_seg1
 .data.seven_seg2
                0x00800360        0x5 ./APP_Layer/Real Time Clock.o
                0x00800360                seven_seg2
 .data.seven_seg3
                0x00800365        0x5 ./APP_Layer/Real Time Clock.o
                0x00800365                seven_seg3
 .data.seven_seg4
                0x0080036a        0x5 ./APP_Layer/Real Time Clock.o
                0x0080036a                seven_seg4
 .data.seven_seg5
                0x0080036f        0x5 ./APP_Layer/Real Time Clock.o
                0x0080036f                seven_seg5
 .data.LM350    0x00800374        0x3 ./APP_Layer/Real Time Clock.o
                0x00800374                LM350
 .data.BUZ0     0x00800377        0x3 ./APP_Layer/Real Time Clock.o
                0x00800377                BUZ0
 *(.rodata)
 *(.rodata*)
 *(.gnu.linkonce.d*)
                0x0080037a                . = ALIGN (0x2)
                0x0080037a                _edata = .
                0x0080037a                PROVIDE (__data_end, .)

.bss            0x0080037a       0x22
                0x0080037a                PROVIDE (__bss_start, .)
 *(.bss)
 .bss           0x0080037a        0x0 c:/winavr-20100110/bin/../lib/gcc/avr/4.3.3/../../../../avr/lib/avr5/crtm32.o
 .bss           0x0080037a        0x0 ./MCAL_Layer/TIMER/TIMER_program.o
 .bss           0x0080037a        0x0 ./MCAL_Layer/GIE/GIE_prog.o
 .bss           0x0080037a        0x0 ./MCAL_Layer/DIO/DIO_prog.o
 .bss           0x0080037a        0x0 ./MCAL_Layer/ADC/ADC_prog.o
 .bss           0x0080037a        0x0 ./HAL_Layer/LM35/LM35_prog.o
 .bss           0x0080037a        0x0 ./HAL_Layer/KPD/KPD_prog.o
 .bss           0x0080037a        0x0 ./HAL_Layer/CLCD/CLCD_prog.o
 .bss           0x0080037a        0x0 ./HAL_Layer/BUZZ/BUZ_prog.o
 .bss           0x0080037a        0x0 ./HAL_Layer/BCD_To_SSD/BCD_To_SSD_prog.o
 .bss           0x0080037a        0x0 ./APP_Layer/Real Time Clock.o
 .bss           0x0080037a        0x0 c:/winavr-20100110/bin/../lib/gcc/avr/4.3.3/avr5\libgcc.a(_mulsi3.o)
 .bss           0x0080037a        0x0 c:/winavr-20100110/bin/../lib/gcc/avr/4.3.3/avr5\libgcc.a(_udivmodqi4.o)
 .bss           0x0080037a        0x0 c:/winavr-20100110/bin/../lib/gcc/avr/4.3.3/avr5\libgcc.a(_udivmodhi4.o)
 .bss           0x0080037a        0x0 c:/winavr-20100110/bin/../lib/gcc/avr/4.3.3/avr5\libgcc.a(_udivmodsi4.o)
 .bss           0x0080037a        0x0 c:/winavr-20100110/bin/../lib/gcc/avr/4.3.3/avr5\libgcc.a(_divmodsi4.o)
 .bss           0x0080037a        0x0 c:/winavr-20100110/bin/../lib/gcc/avr/4.3.3/avr5\libgcc.a(_exit.o)
 .bss           0x0080037a        0x0 c:/winavr-20100110/bin/../lib/gcc/avr/4.3.3/avr5\libgcc.a(_copy_data.o)
 .bss           0x0080037a        0x0 c:/winavr-20100110/bin/../lib/gcc/avr/4.3.3/avr5\libgcc.a(_clear_bss.o)
 .bss           0x0080037a        0x0 c:/winavr-20100110/bin/../lib/gcc/avr/4.3.3/avr5\libgcc.a(_fixunssfsi.o)
 .bss           0x0080037a        0x0 c:/winavr-20100110/bin/../lib/gcc/avr/4.3.3/avr5\libgcc.a(_fixsfdi.o)
 .bss           0x0080037a        0x0 c:/winavr-20100110/bin/../lib/gcc/avr/4.3.3/avr5\libgcc.a(_fixunssfdi.o)
 .bss           0x0080037a        0x0 c:/winavr-20100110/bin/../lib/gcc/avr/4.3.3/avr5\libgcc.a(_addsub_sf.o)
 .bss           0x0080037a        0x0 c:/winavr-20100110/bin/../lib/gcc/avr/4.3.3/avr5\libgcc.a(_mul_sf.o)
 .bss           0x0080037a        0x0 c:/winavr-20100110/bin/../lib/gcc/avr/4.3.3/avr5\libgcc.a(_div_sf.o)
 .bss           0x0080037a        0x0 c:/winavr-20100110/bin/../lib/gcc/avr/4.3.3/avr5\libgcc.a(_gt_sf.o)
 .bss           0x0080037a        0x0 c:/winavr-20100110/bin/../lib/gcc/avr/4.3.3/avr5\libgcc.a(_ge_sf.o)
 .bss           0x0080037a        0x0 c:/winavr-20100110/bin/../lib/gcc/avr/4.3.3/avr5\libgcc.a(_lt_sf.o)
 .bss           0x0080037a        0x0 c:/winavr-20100110/bin/../lib/gcc/avr/4.3.3/avr5\libgcc.a(_si_to_sf.o)
 .bss           0x0080037a        0x0 c:/winavr-20100110/bin/../lib/gcc/avr/4.3.3/avr5\libgcc.a(_sf_to_si.o)
 .bss           0x0080037a        0x0 c:/winavr-20100110/bin/../lib/gcc/avr/4.3.3/avr5\libgcc.a(_thenan_sf.o)
 .bss           0x0080037a        0x0 c:/winavr-20100110/bin/../lib/gcc/avr/4.3.3/avr5\libgcc.a(_usi_to_sf.o)
 .bss           0x0080037a        0x0 c:/winavr-20100110/bin/../lib/gcc/avr/4.3.3/avr5\libgcc.a(_prologue.o)
 .bss           0x0080037a        0x0 c:/winavr-20100110/bin/../lib/gcc/avr/4.3.3/avr5\libgcc.a(_epilogue.o)
 .bss           0x0080037a        0x0 c:/winavr-20100110/bin/../lib/gcc/avr/4.3.3/avr5\libgcc.a(_ashldi3.o)
 .bss           0x0080037a        0x0 c:/winavr-20100110/bin/../lib/gcc/avr/4.3.3/avr5\libgcc.a(_clzsi2.o)
 .bss           0x0080037a        0x0 c:/winavr-20100110/bin/../lib/gcc/avr/4.3.3/avr5\libgcc.a(_pack_sf.o)
 .bss           0x0080037a        0x0 c:/winavr-20100110/bin/../lib/gcc/avr/4.3.3/avr5\libgcc.a(_unpack_sf.o)
 .bss           0x0080037a        0x0 c:/winavr-20100110/bin/../lib/gcc/avr/4.3.3/avr5\libgcc.a(_fpcmp_parts_sf.o)
 .bss           0x0080037a        0x0 c:/winavr-20100110/bin/../lib/gcc/avr/4.3.3/avr5\libgcc.a(_clz.o)
 *(.bss*)
 .bss.TIMERS_pvCallBackFunc
                0x0080037a       0x10 ./MCAL_Layer/TIMER/TIMER_program.o
 .bss.ADC_pu16AsynchConversionResult
                0x0080038a        0x2 ./MCAL_Layer/ADC/ADC_prog.o
 .bss.ADC_pvNotificationFunc
                0x0080038c        0x2 ./MCAL_Layer/ADC/ADC_prog.o
 .bss.ADC_u8State
                0x0080038e        0x1 ./MCAL_Layer/ADC/ADC_prog.o
 .bss.ADC_u8ISRState
                0x0080038f        0x1 ./MCAL_Layer/ADC/ADC_prog.o
 .bss.ADC_pu8ChainChannel
                0x00800390        0x2 ./MCAL_Layer/ADC/ADC_prog.o
 .bss.ADC_u8ChainSize
                0x00800392        0x1 ./MCAL_Layer/ADC/ADC_prog.o
 .bss.ADC_u8Index
                0x00800393        0x1 ./MCAL_Layer/ADC/ADC_prog.o
 .bss.Alarm_DayTime
                0x00800394        0x1 ./APP_Layer/Real Time Clock.o
                0x00800394                Alarm_DayTime
 .bss.Alarm_Status
                0x00800395        0x1 ./APP_Layer/Real Time Clock.o
                0x00800395                Alarm_Status
 .bss.Time_Minute
                0x00800396        0x1 ./APP_Layer/Real Time Clock.o
                0x00800396                Time_Minute
 .bss.Time_Second
                0x00800397        0x1 ./APP_Layer/Real Time Clock.o
                0x00800397                Time_Second
 *(COMMON)
 COMMON         0x00800398        0x4 ./APP_Layer/Real Time Clock.o
                0x00800398                Alarm_Hour
                0x00800399                Time_DayFlag
                0x0080039a                KPD_Press
                0x0080039b                Alarm_Minutes
                0x0080039c                PROVIDE (__bss_end, .)
                0x00007a9a                __data_load_start = LOADADDR (.data)
                0x00007db4                __data_load_end = (__data_load_start + SIZEOF (.data))

.noinit         0x0080039c        0x0
                0x0080039c                PROVIDE (__noinit_start, .)
 *(.noinit*)
                0x0080039c                PROVIDE (__noinit_end, .)
                0x0080039c                _end = .
                0x0080039c                PROVIDE (__heap_start, .)

.eeprom         0x00810000        0x0
 *(.eeprom*)
                0x00810000                __eeprom_end = .

.fuse
 *(.fuse)
 *(.lfuse)
 *(.hfuse)
 *(.efuse)

.lock
 *(.lock*)

.signature
 *(.signature*)

.stab           0x00000000     0x7194
 *(.stab)
 .stab          0x00000000      0xb40 ./MCAL_Layer/TIMER/TIMER_program.o
 .stab          0x00000b40      0x1c8 ./MCAL_Layer/GIE/GIE_prog.o
                                0x1d4 (size before relaxing)
 .stab          0x00000d08      0xeb8 ./MCAL_Layer/DIO/DIO_prog.o
                                0xec4 (size before relaxing)
 .stab          0x00001bc0      0xa44 ./MCAL_Layer/ADC/ADC_prog.o
                                0xa50 (size before relaxing)
 .stab          0x00002604      0x3a8 ./HAL_Layer/LM35/LM35_prog.o
                                0x3b4 (size before relaxing)
 .stab          0x000029ac      0x5a0 ./HAL_Layer/KPD/KPD_prog.o
                                0x5ac (size before relaxing)
 .stab          0x00002f4c      0xfa8 ./HAL_Layer/CLCD/CLCD_prog.o
                               0x1140 (size before relaxing)
 .stab          0x00003ef4      0x2f4 ./HAL_Layer/BUZZ/BUZ_prog.o
                                0x300 (size before relaxing)
 .stab          0x000041e8      0x378 ./HAL_Layer/BCD_To_SSD/BCD_To_SSD_prog.o
                                0x384 (size before relaxing)
 .stab          0x00004560     0x2c34 ./APP_Layer/Real Time Clock.o
                               0x2dcc (size before relaxing)

.stabstr        0x00000000     0x224c
 *(.stabstr)
 .stabstr       0x00000000     0x224c ./MCAL_Layer/TIMER/TIMER_program.o

.stab.excl
 *(.stab.excl)

.stab.exclstr
 *(.stab.exclstr)

.stab.index
 *(.stab.index)

.stab.indexstr
 *(.stab.indexstr)

.comment
 *(.comment)

.debug
 *(.debug)

.line
 *(.line)

.debug_srcinfo
 *(.debug_srcinfo)

.debug_sfnames
 *(.debug_sfnames)

.debug_aranges  0x00000000      0x220
 *(.debug_aranges)
 .debug_aranges
                0x00000000       0x20 c:/winavr-20100110/bin/../lib/gcc/avr/4.3.3/avr5\libgcc.a(_fixunssfsi.o)
 .debug_aranges
                0x00000020       0x20 c:/winavr-20100110/bin/../lib/gcc/avr/4.3.3/avr5\libgcc.a(_fixsfdi.o)
 .debug_aranges
                0x00000040       0x20 c:/winavr-20100110/bin/../lib/gcc/avr/4.3.3/avr5\libgcc.a(_fixunssfdi.o)
 .debug_aranges
                0x00000060       0x20 c:/winavr-20100110/bin/../lib/gcc/avr/4.3.3/avr5\libgcc.a(_addsub_sf.o)
 .debug_aranges
                0x00000080       0x20 c:/winavr-20100110/bin/../lib/gcc/avr/4.3.3/avr5\libgcc.a(_mul_sf.o)
 .debug_aranges
                0x000000a0       0x20 c:/winavr-20100110/bin/../lib/gcc/avr/4.3.3/avr5\libgcc.a(_div_sf.o)
 .debug_aranges
                0x000000c0       0x20 c:/winavr-20100110/bin/../lib/gcc/avr/4.3.3/avr5\libgcc.a(_gt_sf.o)
 .debug_aranges
                0x000000e0       0x20 c:/winavr-20100110/bin/../lib/gcc/avr/4.3.3/avr5\libgcc.a(_ge_sf.o)
 .debug_aranges
                0x00000100       0x20 c:/winavr-20100110/bin/../lib/gcc/avr/4.3.3/avr5\libgcc.a(_lt_sf.o)
 .debug_aranges
                0x00000120       0x20 c:/winavr-20100110/bin/../lib/gcc/avr/4.3.3/avr5\libgcc.a(_si_to_sf.o)
 .debug_aranges
                0x00000140       0x20 c:/winavr-20100110/bin/../lib/gcc/avr/4.3.3/avr5\libgcc.a(_sf_to_si.o)
 .debug_aranges
                0x00000160       0x20 c:/winavr-20100110/bin/../lib/gcc/avr/4.3.3/avr5\libgcc.a(_usi_to_sf.o)
 .debug_aranges
                0x00000180       0x20 c:/winavr-20100110/bin/../lib/gcc/avr/4.3.3/avr5\libgcc.a(_ashldi3.o)
 .debug_aranges
                0x000001a0       0x20 c:/winavr-20100110/bin/../lib/gcc/avr/4.3.3/avr5\libgcc.a(_clzsi2.o)
 .debug_aranges
                0x000001c0       0x20 c:/winavr-20100110/bin/../lib/gcc/avr/4.3.3/avr5\libgcc.a(_pack_sf.o)
 .debug_aranges
                0x000001e0       0x20 c:/winavr-20100110/bin/../lib/gcc/avr/4.3.3/avr5\libgcc.a(_unpack_sf.o)
 .debug_aranges
                0x00000200       0x20 c:/winavr-20100110/bin/../lib/gcc/avr/4.3.3/avr5\libgcc.a(_fpcmp_parts_sf.o)

.debug_pubnames
                0x00000000      0x277
 *(.debug_pubnames)
 .debug_pubnames
                0x00000000       0x23 c:/winavr-20100110/bin/../lib/gcc/avr/4.3.3/avr5\libgcc.a(_fixunssfsi.o)
 .debug_pubnames
                0x00000023       0x20 c:/winavr-20100110/bin/../lib/gcc/avr/4.3.3/avr5\libgcc.a(_fixsfdi.o)
 .debug_pubnames
                0x00000043       0x23 c:/winavr-20100110/bin/../lib/gcc/avr/4.3.3/avr5\libgcc.a(_fixunssfdi.o)
 .debug_pubnames
                0x00000066       0x2c c:/winavr-20100110/bin/../lib/gcc/avr/4.3.3/avr5\libgcc.a(_addsub_sf.o)
 .debug_pubnames
                0x00000092       0x1f c:/winavr-20100110/bin/../lib/gcc/avr/4.3.3/avr5\libgcc.a(_mul_sf.o)
 .debug_pubnames
                0x000000b1       0x1f c:/winavr-20100110/bin/../lib/gcc/avr/4.3.3/avr5\libgcc.a(_div_sf.o)
 .debug_pubnames
                0x000000d0       0x1e c:/winavr-20100110/bin/../lib/gcc/avr/4.3.3/avr5\libgcc.a(_gt_sf.o)
 .debug_pubnames
                0x000000ee       0x1e c:/winavr-20100110/bin/../lib/gcc/avr/4.3.3/avr5\libgcc.a(_ge_sf.o)
 .debug_pubnames
                0x0000010c       0x1e c:/winavr-20100110/bin/../lib/gcc/avr/4.3.3/avr5\libgcc.a(_lt_sf.o)
 .debug_pubnames
                0x0000012a       0x22 c:/winavr-20100110/bin/../lib/gcc/avr/4.3.3/avr5\libgcc.a(_si_to_sf.o)
 .debug_pubnames
                0x0000014c       0x20 c:/winavr-20100110/bin/../lib/gcc/avr/4.3.3/avr5\libgcc.a(_sf_to_si.o)
 .debug_pubnames
                0x0000016c       0x22 c:/winavr-20100110/bin/../lib/gcc/avr/4.3.3/avr5\libgcc.a(_thenan_sf.o)
 .debug_pubnames
                0x0000018e       0x24 c:/winavr-20100110/bin/../lib/gcc/avr/4.3.3/avr5\libgcc.a(_usi_to_sf.o)
 .debug_pubnames
                0x000001b2       0x20 c:/winavr-20100110/bin/../lib/gcc/avr/4.3.3/avr5\libgcc.a(_ashldi3.o)
 .debug_pubnames
                0x000001d2       0x1f c:/winavr-20100110/bin/../lib/gcc/avr/4.3.3/avr5\libgcc.a(_clzsi2.o)
 .debug_pubnames
                0x000001f1       0x1f c:/winavr-20100110/bin/../lib/gcc/avr/4.3.3/avr5\libgcc.a(_pack_sf.o)
 .debug_pubnames
                0x00000210       0x21 c:/winavr-20100110/bin/../lib/gcc/avr/4.3.3/avr5\libgcc.a(_unpack_sf.o)
 .debug_pubnames
                0x00000231       0x26 c:/winavr-20100110/bin/../lib/gcc/avr/4.3.3/avr5\libgcc.a(_fpcmp_parts_sf.o)
 .debug_pubnames
                0x00000257       0x20 c:/winavr-20100110/bin/../lib/gcc/avr/4.3.3/avr5\libgcc.a(_clz.o)

.debug_info     0x00000000     0x2953
 *(.debug_info)
 .debug_info    0x00000000       0xb1 c:/winavr-20100110/bin/../lib/gcc/avr/4.3.3/avr5\libgcc.a(_fixunssfsi.o)
 .debug_info    0x000000b1       0xb1 c:/winavr-20100110/bin/../lib/gcc/avr/4.3.3/avr5\libgcc.a(_fixsfdi.o)
 .debug_info    0x00000162      0x111 c:/winavr-20100110/bin/../lib/gcc/avr/4.3.3/avr5\libgcc.a(_fixunssfdi.o)
 .debug_info    0x00000273      0x47a c:/winavr-20100110/bin/../lib/gcc/avr/4.3.3/avr5\libgcc.a(_addsub_sf.o)
 .debug_info    0x000006ed      0x485 c:/winavr-20100110/bin/../lib/gcc/avr/4.3.3/avr5\libgcc.a(_mul_sf.o)
 .debug_info    0x00000b72      0x3fc c:/winavr-20100110/bin/../lib/gcc/avr/4.3.3/avr5\libgcc.a(_div_sf.o)
 .debug_info    0x00000f6e      0x27f c:/winavr-20100110/bin/../lib/gcc/avr/4.3.3/avr5\libgcc.a(_gt_sf.o)
 .debug_info    0x000011ed      0x27f c:/winavr-20100110/bin/../lib/gcc/avr/4.3.3/avr5\libgcc.a(_ge_sf.o)
 .debug_info    0x0000146c      0x27f c:/winavr-20100110/bin/../lib/gcc/avr/4.3.3/avr5\libgcc.a(_lt_sf.o)
 .debug_info    0x000016eb      0x207 c:/winavr-20100110/bin/../lib/gcc/avr/4.3.3/avr5\libgcc.a(_si_to_sf.o)
 .debug_info    0x000018f2      0x2b0 c:/winavr-20100110/bin/../lib/gcc/avr/4.3.3/avr5\libgcc.a(_sf_to_si.o)
 .debug_info    0x00001ba2      0x12c c:/winavr-20100110/bin/../lib/gcc/avr/4.3.3/avr5\libgcc.a(_thenan_sf.o)
 .debug_info    0x00001cce      0x206 c:/winavr-20100110/bin/../lib/gcc/avr/4.3.3/avr5\libgcc.a(_usi_to_sf.o)
 .debug_info    0x00001ed4      0x17f c:/winavr-20100110/bin/../lib/gcc/avr/4.3.3/avr5\libgcc.a(_ashldi3.o)
 .debug_info    0x00002053      0x117 c:/winavr-20100110/bin/../lib/gcc/avr/4.3.3/avr5\libgcc.a(_clzsi2.o)
 .debug_info    0x0000216a      0x2df c:/winavr-20100110/bin/../lib/gcc/avr/4.3.3/avr5\libgcc.a(_pack_sf.o)
 .debug_info    0x00002449      0x251 c:/winavr-20100110/bin/../lib/gcc/avr/4.3.3/avr5\libgcc.a(_unpack_sf.o)
 .debug_info    0x0000269a      0x210 c:/winavr-20100110/bin/../lib/gcc/avr/4.3.3/avr5\libgcc.a(_fpcmp_parts_sf.o)
 .debug_info    0x000028aa       0xa9 c:/winavr-20100110/bin/../lib/gcc/avr/4.3.3/avr5\libgcc.a(_clz.o)
 *(.gnu.linkonce.wi.*)

.debug_abbrev   0x00000000     0x16b7
 *(.debug_abbrev)
 .debug_abbrev  0x00000000       0x5d c:/winavr-20100110/bin/../lib/gcc/avr/4.3.3/avr5\libgcc.a(_fixunssfsi.o)
 .debug_abbrev  0x0000005d       0x5d c:/winavr-20100110/bin/../lib/gcc/avr/4.3.3/avr5\libgcc.a(_fixsfdi.o)
 .debug_abbrev  0x000000ba       0x9e c:/winavr-20100110/bin/../lib/gcc/avr/4.3.3/avr5\libgcc.a(_fixunssfdi.o)
 .debug_abbrev  0x00000158      0x1ea c:/winavr-20100110/bin/../lib/gcc/avr/4.3.3/avr5\libgcc.a(_addsub_sf.o)
 .debug_abbrev  0x00000342      0x21b c:/winavr-20100110/bin/../lib/gcc/avr/4.3.3/avr5\libgcc.a(_mul_sf.o)
 .debug_abbrev  0x0000055d      0x216 c:/winavr-20100110/bin/../lib/gcc/avr/4.3.3/avr5\libgcc.a(_div_sf.o)
 .debug_abbrev  0x00000773      0x15a c:/winavr-20100110/bin/../lib/gcc/avr/4.3.3/avr5\libgcc.a(_gt_sf.o)
 .debug_abbrev  0x000008cd      0x15a c:/winavr-20100110/bin/../lib/gcc/avr/4.3.3/avr5\libgcc.a(_ge_sf.o)
 .debug_abbrev  0x00000a27      0x15a c:/winavr-20100110/bin/../lib/gcc/avr/4.3.3/avr5\libgcc.a(_lt_sf.o)
 .debug_abbrev  0x00000b81      0x148 c:/winavr-20100110/bin/../lib/gcc/avr/4.3.3/avr5\libgcc.a(_si_to_sf.o)
 .debug_abbrev  0x00000cc9      0x17f c:/winavr-20100110/bin/../lib/gcc/avr/4.3.3/avr5\libgcc.a(_sf_to_si.o)
 .debug_abbrev  0x00000e48       0xad c:/winavr-20100110/bin/../lib/gcc/avr/4.3.3/avr5\libgcc.a(_thenan_sf.o)
 .debug_abbrev  0x00000ef5      0x157 c:/winavr-20100110/bin/../lib/gcc/avr/4.3.3/avr5\libgcc.a(_usi_to_sf.o)
 .debug_abbrev  0x0000104c       0xee c:/winavr-20100110/bin/../lib/gcc/avr/4.3.3/avr5\libgcc.a(_ashldi3.o)
 .debug_abbrev  0x0000113a       0xc4 c:/winavr-20100110/bin/../lib/gcc/avr/4.3.3/avr5\libgcc.a(_clzsi2.o)
 .debug_abbrev  0x000011fe      0x1c0 c:/winavr-20100110/bin/../lib/gcc/avr/4.3.3/avr5\libgcc.a(_pack_sf.o)
 .debug_abbrev  0x000013be      0x154 c:/winavr-20100110/bin/../lib/gcc/avr/4.3.3/avr5\libgcc.a(_unpack_sf.o)
 .debug_abbrev  0x00001512      0x13b c:/winavr-20100110/bin/../lib/gcc/avr/4.3.3/avr5\libgcc.a(_fpcmp_parts_sf.o)
 .debug_abbrev  0x0000164d       0x6a c:/winavr-20100110/bin/../lib/gcc/avr/4.3.3/avr5\libgcc.a(_clz.o)

.debug_line     0x00000000     0x1570
 *(.debug_line)
 .debug_line    0x00000000       0xa7 c:/winavr-20100110/bin/../lib/gcc/avr/4.3.3/avr5\libgcc.a(_fixunssfsi.o)
 .debug_line    0x000000a7       0xa7 c:/winavr-20100110/bin/../lib/gcc/avr/4.3.3/avr5\libgcc.a(_fixsfdi.o)
 .debug_line    0x0000014e       0xe7 c:/winavr-20100110/bin/../lib/gcc/avr/4.3.3/avr5\libgcc.a(_fixunssfdi.o)
 .debug_line    0x00000235      0x2af c:/winavr-20100110/bin/../lib/gcc/avr/4.3.3/avr5\libgcc.a(_addsub_sf.o)
 .debug_line    0x000004e4      0x239 c:/winavr-20100110/bin/../lib/gcc/avr/4.3.3/avr5\libgcc.a(_mul_sf.o)
 .debug_line    0x0000071d      0x1d5 c:/winavr-20100110/bin/../lib/gcc/avr/4.3.3/avr5\libgcc.a(_div_sf.o)
 .debug_line    0x000008f2       0xd3 c:/winavr-20100110/bin/../lib/gcc/avr/4.3.3/avr5\libgcc.a(_gt_sf.o)
 .debug_line    0x000009c5       0xd3 c:/winavr-20100110/bin/../lib/gcc/avr/4.3.3/avr5\libgcc.a(_ge_sf.o)
 .debug_line    0x00000a98       0xd3 c:/winavr-20100110/bin/../lib/gcc/avr/4.3.3/avr5\libgcc.a(_lt_sf.o)
 .debug_line    0x00000b6b      0x135 c:/winavr-20100110/bin/../lib/gcc/avr/4.3.3/avr5\libgcc.a(_si_to_sf.o)
 .debug_line    0x00000ca0      0x109 c:/winavr-20100110/bin/../lib/gcc/avr/4.3.3/avr5\libgcc.a(_sf_to_si.o)
 .debug_line    0x00000da9       0x90 c:/winavr-20100110/bin/../lib/gcc/avr/4.3.3/avr5\libgcc.a(_thenan_sf.o)
 .debug_line    0x00000e39      0x133 c:/winavr-20100110/bin/../lib/gcc/avr/4.3.3/avr5\libgcc.a(_usi_to_sf.o)
 .debug_line    0x00000f6c       0xd7 c:/winavr-20100110/bin/../lib/gcc/avr/4.3.3/avr5\libgcc.a(_ashldi3.o)
 .debug_line    0x00001043       0xa5 c:/winavr-20100110/bin/../lib/gcc/avr/4.3.3/avr5\libgcc.a(_clzsi2.o)
 .debug_line    0x000010e8      0x18a c:/winavr-20100110/bin/../lib/gcc/avr/4.3.3/avr5\libgcc.a(_pack_sf.o)
 .debug_line    0x00001272      0x14b c:/winavr-20100110/bin/../lib/gcc/avr/4.3.3/avr5\libgcc.a(_unpack_sf.o)
 .debug_line    0x000013bd      0x137 c:/winavr-20100110/bin/../lib/gcc/avr/4.3.3/avr5\libgcc.a(_fpcmp_parts_sf.o)
 .debug_line    0x000014f4       0x7c c:/winavr-20100110/bin/../lib/gcc/avr/4.3.3/avr5\libgcc.a(_clz.o)

.debug_frame    0x00000000      0x240
 *(.debug_frame)
 .debug_frame   0x00000000       0x20 c:/winavr-20100110/bin/../lib/gcc/avr/4.3.3/avr5\libgcc.a(_fixunssfsi.o)
 .debug_frame   0x00000020       0x20 c:/winavr-20100110/bin/../lib/gcc/avr/4.3.3/avr5\libgcc.a(_fixsfdi.o)
 .debug_frame   0x00000040       0x20 c:/winavr-20100110/bin/../lib/gcc/avr/4.3.3/avr5\libgcc.a(_fixunssfdi.o)
 .debug_frame   0x00000060       0x40 c:/winavr-20100110/bin/../lib/gcc/avr/4.3.3/avr5\libgcc.a(_addsub_sf.o)
 .debug_frame   0x000000a0       0x20 c:/winavr-20100110/bin/../lib/gcc/avr/4.3.3/avr5\libgcc.a(_mul_sf.o)
 .debug_frame   0x000000c0       0x20 c:/winavr-20100110/bin/../lib/gcc/avr/4.3.3/avr5\libgcc.a(_div_sf.o)
 .debug_frame   0x000000e0       0x20 c:/winavr-20100110/bin/../lib/gcc/avr/4.3.3/avr5\libgcc.a(_gt_sf.o)
 .debug_frame   0x00000100       0x20 c:/winavr-20100110/bin/../lib/gcc/avr/4.3.3/avr5\libgcc.a(_ge_sf.o)
 .debug_frame   0x00000120       0x20 c:/winavr-20100110/bin/../lib/gcc/avr/4.3.3/avr5\libgcc.a(_lt_sf.o)
 .debug_frame   0x00000140       0x20 c:/winavr-20100110/bin/../lib/gcc/avr/4.3.3/avr5\libgcc.a(_si_to_sf.o)
 .debug_frame   0x00000160       0x20 c:/winavr-20100110/bin/../lib/gcc/avr/4.3.3/avr5\libgcc.a(_sf_to_si.o)
 .debug_frame   0x00000180       0x20 c:/winavr-20100110/bin/../lib/gcc/avr/4.3.3/avr5\libgcc.a(_usi_to_sf.o)
 .debug_frame   0x000001a0       0x20 c:/winavr-20100110/bin/../lib/gcc/avr/4.3.3/avr5\libgcc.a(_ashldi3.o)
 .debug_frame   0x000001c0       0x20 c:/winavr-20100110/bin/../lib/gcc/avr/4.3.3/avr5\libgcc.a(_clzsi2.o)
 .debug_frame   0x000001e0       0x20 c:/winavr-20100110/bin/../lib/gcc/avr/4.3.3/avr5\libgcc.a(_pack_sf.o)
 .debug_frame   0x00000200       0x20 c:/winavr-20100110/bin/../lib/gcc/avr/4.3.3/avr5\libgcc.a(_unpack_sf.o)
 .debug_frame   0x00000220       0x20 c:/winavr-20100110/bin/../lib/gcc/avr/4.3.3/avr5\libgcc.a(_fpcmp_parts_sf.o)

.debug_str      0x00000000      0x36b
 *(.debug_str)
 .debug_str     0x00000000       0xbf c:/winavr-20100110/bin/../lib/gcc/avr/4.3.3/avr5\libgcc.a(_fixunssfsi.o)
                                 0xfe (size before relaxing)
 .debug_str     0x000000bf        0xa c:/winavr-20100110/bin/../lib/gcc/avr/4.3.3/avr5\libgcc.a(_fixsfdi.o)
                                 0xfa (size before relaxing)
 .debug_str     0x000000c9       0x2c c:/winavr-20100110/bin/../lib/gcc/avr/4.3.3/avr5\libgcc.a(_fixunssfdi.o)
                                0x11d (size before relaxing)
 .debug_str     0x000000f5      0x14d c:/winavr-20100110/bin/../lib/gcc/avr/4.3.3/avr5\libgcc.a(_addsub_sf.o)
                                0x206 (size before relaxing)
 .debug_str     0x00000242       0x27 c:/winavr-20100110/bin/../lib/gcc/avr/4.3.3/avr5\libgcc.a(_mul_sf.o)
                                0x1bf (size before relaxing)
 .debug_str     0x00000269       0x35 c:/winavr-20100110/bin/../lib/gcc/avr/4.3.3/avr5\libgcc.a(_div_sf.o)
                                0x1c8 (size before relaxing)
 .debug_str     0x0000029e        0x8 c:/winavr-20100110/bin/../lib/gcc/avr/4.3.3/avr5\libgcc.a(_gt_sf.o)
                                0x195 (size before relaxing)
 .debug_str     0x000002a6        0x8 c:/winavr-20100110/bin/../lib/gcc/avr/4.3.3/avr5\libgcc.a(_ge_sf.o)
                                0x195 (size before relaxing)
 .debug_str     0x000002ae        0x8 c:/winavr-20100110/bin/../lib/gcc/avr/4.3.3/avr5\libgcc.a(_lt_sf.o)
                                0x195 (size before relaxing)
 .debug_str     0x000002b6       0x18 c:/winavr-20100110/bin/../lib/gcc/avr/4.3.3/avr5\libgcc.a(_si_to_sf.o)
                                0x17b (size before relaxing)
 .debug_str     0x000002ce        0xa c:/winavr-20100110/bin/../lib/gcc/avr/4.3.3/avr5\libgcc.a(_sf_to_si.o)
                                0x19e (size before relaxing)
 .debug_str     0x00000000      0x103 c:/winavr-20100110/bin/../lib/gcc/avr/4.3.3/avr5\libgcc.a(_thenan_sf.o)
 .debug_str     0x000002d8       0x14 c:/winavr-20100110/bin/../lib/gcc/avr/4.3.3/avr5\libgcc.a(_usi_to_sf.o)
                                0x177 (size before relaxing)
 .debug_str     0x000002ec       0x34 c:/winavr-20100110/bin/../lib/gcc/avr/4.3.3/avr5\libgcc.a(_ashldi3.o)
                                0x131 (size before relaxing)
 .debug_str     0x00000320       0x20 c:/winavr-20100110/bin/../lib/gcc/avr/4.3.3/avr5\libgcc.a(_clzsi2.o)
                                0x111 (size before relaxing)
 .debug_str     0x00000340       0x10 c:/winavr-20100110/bin/../lib/gcc/avr/4.3.3/avr5\libgcc.a(_pack_sf.o)
                                0x19d (size before relaxing)
 .debug_str     0x00000350        0xb c:/winavr-20100110/bin/../lib/gcc/avr/4.3.3/avr5\libgcc.a(_unpack_sf.o)
                                0x17f (size before relaxing)
 .debug_str     0x0000035b       0x10 c:/winavr-20100110/bin/../lib/gcc/avr/4.3.3/avr5\libgcc.a(_fpcmp_parts_sf.o)
                                0x163 (size before relaxing)
 .debug_str     0x00000000       0xf4 c:/winavr-20100110/bin/../lib/gcc/avr/4.3.3/avr5\libgcc.a(_clz.o)

.debug_loc      0x00000000      0xbf0
 *(.debug_loc)
 .debug_loc     0x00000000       0x34 c:/winavr-20100110/bin/../lib/gcc/avr/4.3.3/avr5\libgcc.a(_fixunssfsi.o)
 .debug_loc     0x00000034       0x4a c:/winavr-20100110/bin/../lib/gcc/avr/4.3.3/avr5\libgcc.a(_fixsfdi.o)
 .debug_loc     0x0000007e       0x94 c:/winavr-20100110/bin/../lib/gcc/avr/4.3.3/avr5\libgcc.a(_fixunssfdi.o)
 .debug_loc     0x00000112      0x32a c:/winavr-20100110/bin/../lib/gcc/avr/4.3.3/avr5\libgcc.a(_addsub_sf.o)
 .debug_loc     0x0000043c      0x104 c:/winavr-20100110/bin/../lib/gcc/avr/4.3.3/avr5\libgcc.a(_mul_sf.o)
 .debug_loc     0x00000540       0xc0 c:/winavr-20100110/bin/../lib/gcc/avr/4.3.3/avr5\libgcc.a(_div_sf.o)
 .debug_loc     0x00000600       0x3c c:/winavr-20100110/bin/../lib/gcc/avr/4.3.3/avr5\libgcc.a(_gt_sf.o)
 .debug_loc     0x0000063c       0x3c c:/winavr-20100110/bin/../lib/gcc/avr/4.3.3/avr5\libgcc.a(_ge_sf.o)
 .debug_loc     0x00000678       0x3c c:/winavr-20100110/bin/../lib/gcc/avr/4.3.3/avr5\libgcc.a(_lt_sf.o)
 .debug_loc     0x000006b4       0xac c:/winavr-20100110/bin/../lib/gcc/avr/4.3.3/avr5\libgcc.a(_si_to_sf.o)
 .debug_loc     0x00000760       0x7e c:/winavr-20100110/bin/../lib/gcc/avr/4.3.3/avr5\libgcc.a(_sf_to_si.o)
 .debug_loc     0x000007de       0x4c c:/winavr-20100110/bin/../lib/gcc/avr/4.3.3/avr5\libgcc.a(_usi_to_sf.o)
 .debug_loc     0x0000082a       0xf8 c:/winavr-20100110/bin/../lib/gcc/avr/4.3.3/avr5\libgcc.a(_ashldi3.o)
 .debug_loc     0x00000922       0x94 c:/winavr-20100110/bin/../lib/gcc/avr/4.3.3/avr5\libgcc.a(_clzsi2.o)
 .debug_loc     0x000009b6      0x13e c:/winavr-20100110/bin/../lib/gcc/avr/4.3.3/avr5\libgcc.a(_pack_sf.o)
 .debug_loc     0x00000af4       0xac c:/winavr-20100110/bin/../lib/gcc/avr/4.3.3/avr5\libgcc.a(_unpack_sf.o)
 .debug_loc     0x00000ba0       0x50 c:/winavr-20100110/bin/../lib/gcc/avr/4.3.3/avr5\libgcc.a(_fpcmp_parts_sf.o)

.debug_macinfo
 *(.debug_macinfo)
OUTPUT(RTC.elf elf32-avr)
LOAD linker stubs

.debug_ranges   0x00000000       0x50
 .debug_ranges  0x00000000       0x50 c:/winavr-20100110/bin/../lib/gcc/avr/4.3.3/avr5\libgcc.a(_mul_sf.o)
